// Jest Snapshot v1, https://goo.gl/fbAQLP

exports[`Main Components Test Case renders the main component 1`] = `
<div>
  <div
    className="time-container"
  >
    <h1
      className="timer"
    >
      :
      :
    </h1>
  </div>
  <Controls
    time={[Function]}
  />
</div>
`;
