// Jest Snapshot v1, https://goo.gl/fbAQLP

exports[`App component renders should render App components 1`] = `
<div
  className="App"
>
  <MainHeading />
  <Main />
</div>
`;
